-- test the SRF
SELECT * FROM pg_extension_template();
 ok |   value   
----+-----------
 t  | some text
(1 row)

